name = l_36
name = a_39
name = a_40
name = c_41
name = a_42
name = v_43
name = i_59
name = s_60
name = a_61
name = v_62
name = p_63
name = g_64
name = s_65
name = i_66
name = v_67
name = a_68
name = s_69
name = t_70
name = l_71
name = a_72
name = l_73
name = l_74
name = t_75
name = i_76
name = g_77
name = a_78
name = a_79
name = i_80
name = s_90
name = v_91
name = g_92
name = g_93
name = g_94
name = m_95
name = v_96
name = s_97
name = v_98
name = g_99
name = a_100
name = p_101
name = s_102
name = h_103
name = t_104
name = p_105
name = s_106
name = p_107
name = g_108
name = g_109
name = s_110
name = v_111
name = h_138
name = a_139
name = i_140
name = l_141
name = m_142
name = l_143
name = v_144
name = p_145
name = l_146
name = a_147
name = a_148
name = a_149
name = a_150
name = l_151
name = i_152
name = a_153
name = t_154
name = t_155
name = g_156
name = g_157
name = t_158
name = v_159
name = l_160
name = a_161
name = i_162
name = g_163
name = s_164
name = p_168
name = a_169
name = t_171
name = i_172
name = a_173
name = a_174
name = p_175
name = t_176
name = p_177
name = i_178
name = g_179
name = p_180
name = a_181
name = p_182
name = l_185
name = g_190
name = i_192
name = s_193
name = i_195
name = g_196
name = v_197
name = a_198
name = g_199
name = l_200
name = a_201
name = t_202
name = g_203
name = s_204
name = g_205
name = l_207
name = g_208
name = p_209
name = v_210
name = g_211
name = v_212
name = s_213
name = a_214
name = t_215
name = a_216
name = p_217
name = s_218
name = h_219
name = p_250
name = h_360
name = t_360
name = h_361
name = t_361
name = h_362
name = t_362
name = h_363
name = t_363
name = h_364
name = t_364
name = h_365
name = t_365
name = p_847
name = t_848
name = t_849
name = a_850
name = s_851
name = a_852
name = a_853
name = v_854
name = a_855
name = a_856
name = a_857
name = v_858
name = p_859
name = a_860
name = p_861
name = i_862
name = t_863
name = m_864
name = g_865
name = g_866
name = s_954
name = g_955
name = h_1098
name = t_1098
